{"sessionId":"0b6a59","runId":"POST /session/start pid:1","hypothesisId":"H1","location":"bootstrap.php:99","message":"Redis URL configured; probing client availability","data":{"redisUrlConfigured":true,"redisPrefix":"market:"},"timestamp":1779795170106}
{"sessionId":"0b6a59","runId":"POST /session/start pid:1","hypothesisId":"H1","location":"bootstrap.php:109","message":"Predis client class missing; forcing in-memory fallback","data":{"predisClassExists":false},"timestamp":1779795170106}
{"sessionId":"0b6a59","runId":"POST /session/start pid:1","hypothesisId":"H2","location":"bootstrap.php:132","message":"Redis bootstrap exception swallowed","data":{"exceptionClass":"RuntimeException","exceptionMessage":"Predis not installed"},"timestamp":1779795170106}
{"sessionId":"0b6a59","runId":"POST /session/start pid:1","hypothesisId":"H3","location":"bootstrap.php:155","message":"Using in-memory repositories","data":{"repositoryMode":"in-memory"},"timestamp":1779795170107}
{"sessionId":"0b6a59","runId":"POST /session/start pid:1","hypothesisId":"H4","location":"SessionService.php:27","message":"Starting session and saving to repository","data":{"sessionRepositoryType":"Market\\Infrastructure\\Storage\\InMemory\\SessionRepository","portfolioRepositoryType":"Market\\Infrastructure\\Storage\\InMemory\\PortfolioRepository","sessionId":"4fbc4583d1b5bb51c28e882851b4daff"},"timestamp":1779795170116}
{"sessionId":"0b6a59","runId":"POST /session/start pid:1","hypothesisId":"H4","location":"SessionService.php:43","message":"Session repository save call returned","data":{"sessionId":"4fbc4583d1b5bb51c28e882851b4daff"},"timestamp":1779795170116}
{"sessionId":"0b6a59","runId":"GET /assets pid:1","hypothesisId":"H1","location":"bootstrap.php:99","message":"Redis URL configured; probing client availability","data":{"redisUrlConfigured":true,"redisPrefix":"market:"},"timestamp":1779795170656}
{"sessionId":"0b6a59","runId":"GET /assets pid:1","hypothesisId":"H1","location":"bootstrap.php:109","message":"Predis client class missing; forcing in-memory fallback","data":{"predisClassExists":false},"timestamp":1779795170656}
{"sessionId":"0b6a59","runId":"GET /assets pid:1","hypothesisId":"H2","location":"bootstrap.php:132","message":"Redis bootstrap exception swallowed","data":{"exceptionClass":"RuntimeException","exceptionMessage":"Predis not installed"},"timestamp":1779795170656}
{"sessionId":"0b6a59","runId":"GET /assets pid:1","hypothesisId":"H3","location":"bootstrap.php:155","message":"Using in-memory repositories","data":{"repositoryMode":"in-memory"},"timestamp":1779795170656}
{"sessionId":"0b6a59","runId":"GET /portfolio?sessionId=4fbc4583d1b5bb51c28e882851b4daff pid:1","hypothesisId":"H1","location":"bootstrap.php:99","message":"Redis URL configured; probing client availability","data":{"redisUrlConfigured":true,"redisPrefix":"market:"},"timestamp":1779795170657}
{"sessionId":"0b6a59","runId":"GET /portfolio?sessionId=4fbc4583d1b5bb51c28e882851b4daff pid:1","hypothesisId":"H1","location":"bootstrap.php:109","message":"Predis client class missing; forcing in-memory fallback","data":{"predisClassExists":false},"timestamp":1779795170657}
{"sessionId":"0b6a59","runId":"GET /portfolio?sessionId=4fbc4583d1b5bb51c28e882851b4daff pid:1","hypothesisId":"H2","location":"bootstrap.php:132","message":"Redis bootstrap exception swallowed","data":{"exceptionClass":"RuntimeException","exceptionMessage":"Predis not installed"},"timestamp":1779795170657}
{"sessionId":"0b6a59","runId":"GET /portfolio?sessionId=4fbc4583d1b5bb51c28e882851b4daff pid:1","hypothesisId":"H3","location":"bootstrap.php:155","message":"Using in-memory repositories","data":{"repositoryMode":"in-memory"},"timestamp":1779795170657}
{"sessionId":"0b6a59","runId":"GET /orders?sessionId=4fbc4583d1b5bb51c28e882851b4daff pid:1","hypothesisId":"H1","location":"bootstrap.php:99","message":"Redis URL configured; probing client availability","data":{"redisUrlConfigured":true,"redisPrefix":"market:"},"timestamp":1779795170663}
{"sessionId":"0b6a59","runId":"GET /orders?sessionId=4fbc4583d1b5bb51c28e882851b4daff pid:1","hypothesisId":"H1","location":"bootstrap.php:109","message":"Predis client class missing; forcing in-memory fallback","data":{"predisClassExists":false},"timestamp":1779795170663}
{"sessionId":"0b6a59","runId":"GET /orders?sessionId=4fbc4583d1b5bb51c28e882851b4daff pid:1","hypothesisId":"H2","location":"bootstrap.php:132","message":"Redis bootstrap exception swallowed","data":{"exceptionClass":"RuntimeException","exceptionMessage":"Predis not installed"},"timestamp":1779795170663}
{"sessionId":"0b6a59","runId":"GET /orders?sessionId=4fbc4583d1b5bb51c28e882851b4daff pid:1","hypothesisId":"H3","location":"bootstrap.php:155","message":"Using in-memory repositories","data":{"repositoryMode":"in-memory"},"timestamp":1779795170663}
{"sessionId":"0b6a59","runId":"GET /leaderboard pid:1","hypothesisId":"H1","location":"bootstrap.php:99","message":"Redis URL configured; probing client availability","data":{"redisUrlConfigured":true,"redisPrefix":"market:"},"timestamp":1779795170667}
{"sessionId":"0b6a59","runId":"GET /leaderboard pid:1","hypothesisId":"H1","location":"bootstrap.php:109","message":"Predis client class missing; forcing in-memory fallback","data":{"predisClassExists":false},"timestamp":1779795170667}
{"sessionId":"0b6a59","runId":"GET /leaderboard pid:1","hypothesisId":"H2","location":"bootstrap.php:132","message":"Redis bootstrap exception swallowed","data":{"exceptionClass":"RuntimeException","exceptionMessage":"Predis not installed"},"timestamp":1779795170667}
{"sessionId":"0b6a59","runId":"GET /leaderboard pid:1","hypothesisId":"H3","location":"bootstrap.php:155","message":"Using in-memory repositories","data":{"repositoryMode":"in-memory"},"timestamp":1779795170667}
{"sessionId":"0b6a59","runId":"POST /session/start pid:1","hypothesisId":"H1","location":"bootstrap.php:99","message":"Redis URL configured; probing client availability","data":{"redisUrlConfigured":true,"redisPrefix":"market:"},"timestamp":1779795171497}
{"sessionId":"0b6a59","runId":"POST /session/start pid:1","hypothesisId":"H1","location":"bootstrap.php:109","message":"Predis client class missing; forcing in-memory fallback","data":{"predisClassExists":false},"timestamp":1779795171497}
{"sessionId":"0b6a59","runId":"POST /session/start pid:1","hypothesisId":"H2","location":"bootstrap.php:132","message":"Redis bootstrap exception swallowed","data":{"exceptionClass":"RuntimeException","exceptionMessage":"Predis not installed"},"timestamp":1779795171497}
{"sessionId":"0b6a59","runId":"POST /session/start pid:1","hypothesisId":"H3","location":"bootstrap.php:155","message":"Using in-memory repositories","data":{"repositoryMode":"in-memory"},"timestamp":1779795171498}
{"sessionId":"0b6a59","runId":"POST /session/start pid:1","hypothesisId":"H4","location":"SessionService.php:27","message":"Starting session and saving to repository","data":{"sessionRepositoryType":"Market\\Infrastructure\\Storage\\InMemory\\SessionRepository","portfolioRepositoryType":"Market\\Infrastructure\\Storage\\InMemory\\PortfolioRepository","sessionId":"45a0b05c544a948f52a788bbf637457b"},"timestamp":1779795171498}
{"sessionId":"0b6a59","runId":"POST /session/start pid:1","hypothesisId":"H4","location":"SessionService.php:43","message":"Session repository save call returned","data":{"sessionId":"45a0b05c544a948f52a788bbf637457b"},"timestamp":1779795171498}
{"sessionId":"0b6a59","runId":"GET /assets pid:1","hypothesisId":"H1","location":"bootstrap.php:99","message":"Redis URL configured; probing client availability","data":{"redisUrlConfigured":true,"redisPrefix":"market:"},"timestamp":1779795171593}
{"sessionId":"0b6a59","runId":"GET /assets pid:1","hypothesisId":"H1","location":"bootstrap.php:109","message":"Predis client class missing; forcing in-memory fallback","data":{"predisClassExists":false},"timestamp":1779795171594}
{"sessionId":"0b6a59","runId":"GET /assets pid:1","hypothesisId":"H2","location":"bootstrap.php:132","message":"Redis bootstrap exception swallowed","data":{"exceptionClass":"RuntimeException","exceptionMessage":"Predis not installed"},"timestamp":1779795171594}
{"sessionId":"0b6a59","runId":"GET /assets pid:1","hypothesisId":"H3","location":"bootstrap.php:155","message":"Using in-memory repositories","data":{"repositoryMode":"in-memory"},"timestamp":1779795171594}
{"sessionId":"0b6a59","runId":"GET /portfolio?sessionId=45a0b05c544a948f52a788bbf637457b pid:1","hypothesisId":"H1","location":"bootstrap.php:99","message":"Redis URL configured; probing client availability","data":{"redisUrlConfigured":true,"redisPrefix":"market:"},"timestamp":1779795171599}
{"sessionId":"0b6a59","runId":"GET /portfolio?sessionId=45a0b05c544a948f52a788bbf637457b pid:1","hypothesisId":"H1","location":"bootstrap.php:109","message":"Predis client class missing; forcing in-memory fallback","data":{"predisClassExists":false},"timestamp":1779795171599}
{"sessionId":"0b6a59","runId":"GET /portfolio?sessionId=45a0b05c544a948f52a788bbf637457b pid:1","hypothesisId":"H2","location":"bootstrap.php:132","message":"Redis bootstrap exception swallowed","data":{"exceptionClass":"RuntimeException","exceptionMessage":"Predis not installed"},"timestamp":1779795171599}
{"sessionId":"0b6a59","runId":"GET /portfolio?sessionId=45a0b05c544a948f52a788bbf637457b pid:1","hypothesisId":"H3","location":"bootstrap.php:155","message":"Using in-memory repositories","data":{"repositoryMode":"in-memory"},"timestamp":1779795171599}
{"sessionId":"0b6a59","runId":"GET /orders?sessionId=45a0b05c544a948f52a788bbf637457b pid:1","hypothesisId":"H1","location":"bootstrap.php:99","message":"Redis URL configured; probing client availability","data":{"redisUrlConfigured":true,"redisPrefix":"market:"},"timestamp":1779795171600}
{"sessionId":"0b6a59","runId":"GET /orders?sessionId=45a0b05c544a948f52a788bbf637457b pid:1","hypothesisId":"H1","location":"bootstrap.php:109","message":"Predis client class missing; forcing in-memory fallback","data":{"predisClassExists":false},"timestamp":1779795171600}
{"sessionId":"0b6a59","runId":"GET /orders?sessionId=45a0b05c544a948f52a788bbf637457b pid:1","hypothesisId":"H2","location":"bootstrap.php:132","message":"Redis bootstrap exception swallowed","data":{"exceptionClass":"RuntimeException","exceptionMessage":"Predis not installed"},"timestamp":1779795171600}
{"sessionId":"0b6a59","runId":"GET /orders?sessionId=45a0b05c544a948f52a788bbf637457b pid:1","hypothesisId":"H3","location":"bootstrap.php:155","message":"Using in-memory repositories","data":{"repositoryMode":"in-memory"},"timestamp":1779795171600}
{"sessionId":"0b6a59","runId":"GET /leaderboard pid:1","hypothesisId":"H1","location":"bootstrap.php:99","message":"Redis URL configured; probing client availability","data":{"redisUrlConfigured":true,"redisPrefix":"market:"},"timestamp":1779795171601}
{"sessionId":"0b6a59","runId":"GET /leaderboard pid:1","hypothesisId":"H1","location":"bootstrap.php:109","message":"Predis client class missing; forcing in-memory fallback","data":{"predisClassExists":false},"timestamp":1779795171601}
{"sessionId":"0b6a59","runId":"GET /leaderboard pid:1","hypothesisId":"H2","location":"bootstrap.php:132","message":"Redis bootstrap exception swallowed","data":{"exceptionClass":"RuntimeException","exceptionMessage":"Predis not installed"},"timestamp":1779795171601}
{"sessionId":"0b6a59","runId":"GET /leaderboard pid:1","hypothesisId":"H3","location":"bootstrap.php:155","message":"Using in-memory repositories","data":{"repositoryMode":"in-memory"},"timestamp":1779795171601}