{"sessionId":"0b6a59","runId":"POST /session/start pid:1","hypothesisId":"H1","location":"bootstrap.php:99","message":"Redis URL configured; probing client availability","data":{"redisUrlConfigured":true,"redisPrefix":"market:"},"timestamp":1779794085044}
{"sessionId":"0b6a59","runId":"POST /session/start pid:1","hypothesisId":"H1","location":"bootstrap.php:109","message":"Predis client class missing; forcing in-memory fallback","data":{"predisClassExists":false},"timestamp":1779794085050}
{"sessionId":"0b6a59","runId":"POST /session/start pid:1","hypothesisId":"H2","location":"bootstrap.php:132","message":"Redis bootstrap exception swallowed","data":{"exceptionClass":"RuntimeException","exceptionMessage":"Predis not installed"},"timestamp":1779794085050}
{"sessionId":"0b6a59","runId":"POST /session/start pid:1","hypothesisId":"H3","location":"bootstrap.php:155","message":"Using in-memory repositories","data":{"repositoryMode":"in-memory"},"timestamp":1779794085051}
{"sessionId":"0b6a59","runId":"POST /session/start pid:1","hypothesisId":"H4","location":"SessionService.php:27","message":"Starting session and saving to repository","data":{"sessionRepositoryType":"Market\\Infrastructure\\Storage\\InMemory\\SessionRepository","portfolioRepositoryType":"Market\\Infrastructure\\Storage\\InMemory\\PortfolioRepository","sessionId":"db6b0cd113b9dcf68e04665e3a72fad5"},"timestamp":1779794085060}
{"sessionId":"0b6a59","runId":"POST /session/start pid:1","hypothesisId":"H4","location":"SessionService.php:43","message":"Session repository save call returned","data":{"sessionId":"db6b0cd113b9dcf68e04665e3a72fad5"},"timestamp":1779794085060}
{"sessionId":"0b6a59","runId":"GET /assets pid:1","hypothesisId":"H1","location":"bootstrap.php:99","message":"Redis URL configured; probing client availability","data":{"redisUrlConfigured":true,"redisPrefix":"market:"},"timestamp":1779794085145}
{"sessionId":"0b6a59","runId":"GET /assets pid:1","hypothesisId":"H1","location":"bootstrap.php:109","message":"Predis client class missing; forcing in-memory fallback","data":{"predisClassExists":false},"timestamp":1779794085146}
{"sessionId":"0b6a59","runId":"GET /assets pid:1","hypothesisId":"H2","location":"bootstrap.php:132","message":"Redis bootstrap exception swallowed","data":{"exceptionClass":"RuntimeException","exceptionMessage":"Predis not installed"},"timestamp":1779794085146}
{"sessionId":"0b6a59","runId":"GET /assets pid:1","hypothesisId":"H3","location":"bootstrap.php:155","message":"Using in-memory repositories","data":{"repositoryMode":"in-memory"},"timestamp":1779794085146}
{"sessionId":"0b6a59","runId":"GET /orders?sessionId=db6b0cd113b9dcf68e04665e3a72fad5 pid:1","hypothesisId":"H1","location":"bootstrap.php:99","message":"Redis URL configured; probing client availability","data":{"redisUrlConfigured":true,"redisPrefix":"market:"},"timestamp":1779794085157}
{"sessionId":"0b6a59","runId":"GET /orders?sessionId=db6b0cd113b9dcf68e04665e3a72fad5 pid:1","hypothesisId":"H1","location":"bootstrap.php:109","message":"Predis client class missing; forcing in-memory fallback","data":{"predisClassExists":false},"timestamp":1779794085157}
{"sessionId":"0b6a59","runId":"GET /orders?sessionId=db6b0cd113b9dcf68e04665e3a72fad5 pid:1","hypothesisId":"H2","location":"bootstrap.php:132","message":"Redis bootstrap exception swallowed","data":{"exceptionClass":"RuntimeException","exceptionMessage":"Predis not installed"},"timestamp":1779794085157}
{"sessionId":"0b6a59","runId":"GET /orders?sessionId=db6b0cd113b9dcf68e04665e3a72fad5 pid:1","hypothesisId":"H3","location":"bootstrap.php:155","message":"Using in-memory repositories","data":{"repositoryMode":"in-memory"},"timestamp":1779794085157}
{"sessionId":"0b6a59","runId":"GET /portfolio?sessionId=db6b0cd113b9dcf68e04665e3a72fad5 pid:1","hypothesisId":"H1","location":"bootstrap.php:99","message":"Redis URL configured; probing client availability","data":{"redisUrlConfigured":true,"redisPrefix":"market:"},"timestamp":1779794085158}
{"sessionId":"0b6a59","runId":"GET /portfolio?sessionId=db6b0cd113b9dcf68e04665e3a72fad5 pid:1","hypothesisId":"H1","location":"bootstrap.php:109","message":"Predis client class missing; forcing in-memory fallback","data":{"predisClassExists":false},"timestamp":1779794085158}
{"sessionId":"0b6a59","runId":"GET /portfolio?sessionId=db6b0cd113b9dcf68e04665e3a72fad5 pid:1","hypothesisId":"H2","location":"bootstrap.php:132","message":"Redis bootstrap exception swallowed","data":{"exceptionClass":"RuntimeException","exceptionMessage":"Predis not installed"},"timestamp":1779794085158}
{"sessionId":"0b6a59","runId":"GET /portfolio?sessionId=db6b0cd113b9dcf68e04665e3a72fad5 pid:1","hypothesisId":"H3","location":"bootstrap.php:155","message":"Using in-memory repositories","data":{"repositoryMode":"in-memory"},"timestamp":1779794085159}
{"sessionId":"0b6a59","runId":"GET /leaderboard pid:1","hypothesisId":"H1","location":"bootstrap.php:99","message":"Redis URL configured; probing client availability","data":{"redisUrlConfigured":true,"redisPrefix":"market:"},"timestamp":1779794085163}
{"sessionId":"0b6a59","runId":"GET /leaderboard pid:1","hypothesisId":"H1","location":"bootstrap.php:109","message":"Predis client class missing; forcing in-memory fallback","data":{"predisClassExists":false},"timestamp":1779794085164}
{"sessionId":"0b6a59","runId":"GET /leaderboard pid:1","hypothesisId":"H2","location":"bootstrap.php:132","message":"Redis bootstrap exception swallowed","data":{"exceptionClass":"RuntimeException","exceptionMessage":"Predis not installed"},"timestamp":1779794085164}
{"sessionId":"0b6a59","runId":"GET /leaderboard pid:1","hypothesisId":"H3","location":"bootstrap.php:155","message":"Using in-memory repositories","data":{"repositoryMode":"in-memory"},"timestamp":1779794085164}