{"sessionId":"0b6a59","runId":"POST /session/start pid:1","hypothesisId":"H1","location":"bootstrap.php:99","message":"Redis URL configured; probing client availability","data":{"redisUrlConfigured":true,"redisPrefix":"market:"},"timestamp":1779794820091}
{"sessionId":"0b6a59","runId":"POST /session/start pid:1","hypothesisId":"H1","location":"bootstrap.php:109","message":"Predis client class missing; forcing in-memory fallback","data":{"predisClassExists":false},"timestamp":1779794820091}
{"sessionId":"0b6a59","runId":"POST /session/start pid:1","hypothesisId":"H2","location":"bootstrap.php:132","message":"Redis bootstrap exception swallowed","data":{"exceptionClass":"RuntimeException","exceptionMessage":"Predis not installed"},"timestamp":1779794820091}
{"sessionId":"0b6a59","runId":"POST /session/start pid:1","hypothesisId":"H3","location":"bootstrap.php:155","message":"Using in-memory repositories","data":{"repositoryMode":"in-memory"},"timestamp":1779794820092}
{"sessionId":"0b6a59","runId":"POST /session/start pid:1","hypothesisId":"H4","location":"SessionService.php:27","message":"Starting session and saving to repository","data":{"sessionRepositoryType":"Market\\Infrastructure\\Storage\\InMemory\\SessionRepository","portfolioRepositoryType":"Market\\Infrastructure\\Storage\\InMemory\\PortfolioRepository","sessionId":"636c630f627ae4da7ce33ec28f0ddd65"},"timestamp":1779794820101}
{"sessionId":"0b6a59","runId":"POST /session/start pid:1","hypothesisId":"H4","location":"SessionService.php:43","message":"Session repository save call returned","data":{"sessionId":"636c630f627ae4da7ce33ec28f0ddd65"},"timestamp":1779794820101}
{"sessionId":"0b6a59","runId":"GET /portfolio?sessionId=636c630f627ae4da7ce33ec28f0ddd65 pid:1","hypothesisId":"H1","location":"bootstrap.php:99","message":"Redis URL configured; probing client availability","data":{"redisUrlConfigured":true,"redisPrefix":"market:"},"timestamp":1779794820208}
{"sessionId":"0b6a59","runId":"GET /portfolio?sessionId=636c630f627ae4da7ce33ec28f0ddd65 pid:1","hypothesisId":"H1","location":"bootstrap.php:109","message":"Predis client class missing; forcing in-memory fallback","data":{"predisClassExists":false},"timestamp":1779794820208}
{"sessionId":"0b6a59","runId":"GET /portfolio?sessionId=636c630f627ae4da7ce33ec28f0ddd65 pid:1","hypothesisId":"H2","location":"bootstrap.php:132","message":"Redis bootstrap exception swallowed","data":{"exceptionClass":"RuntimeException","exceptionMessage":"Predis not installed"},"timestamp":1779794820208}
{"sessionId":"0b6a59","runId":"GET /portfolio?sessionId=636c630f627ae4da7ce33ec28f0ddd65 pid:1","hypothesisId":"H3","location":"bootstrap.php:155","message":"Using in-memory repositories","data":{"repositoryMode":"in-memory"},"timestamp":1779794820208}
{"sessionId":"0b6a59","runId":"GET /assets pid:1","hypothesisId":"H1","location":"bootstrap.php:99","message":"Redis URL configured; probing client availability","data":{"redisUrlConfigured":true,"redisPrefix":"market:"},"timestamp":1779794820210}
{"sessionId":"0b6a59","runId":"GET /assets pid:1","hypothesisId":"H1","location":"bootstrap.php:109","message":"Predis client class missing; forcing in-memory fallback","data":{"predisClassExists":false},"timestamp":1779794820210}
{"sessionId":"0b6a59","runId":"GET /assets pid:1","hypothesisId":"H2","location":"bootstrap.php:132","message":"Redis bootstrap exception swallowed","data":{"exceptionClass":"RuntimeException","exceptionMessage":"Predis not installed"},"timestamp":1779794820210}
{"sessionId":"0b6a59","runId":"GET /assets pid:1","hypothesisId":"H3","location":"bootstrap.php:155","message":"Using in-memory repositories","data":{"repositoryMode":"in-memory"},"timestamp":1779794820210}
{"sessionId":"0b6a59","runId":"GET /leaderboard pid:1","hypothesisId":"H1","location":"bootstrap.php:99","message":"Redis URL configured; probing client availability","data":{"redisUrlConfigured":true,"redisPrefix":"market:"},"timestamp":1779794820214}
{"sessionId":"0b6a59","runId":"GET /leaderboard pid:1","hypothesisId":"H1","location":"bootstrap.php:109","message":"Predis client class missing; forcing in-memory fallback","data":{"predisClassExists":false},"timestamp":1779794820214}
{"sessionId":"0b6a59","runId":"GET /leaderboard pid:1","hypothesisId":"H2","location":"bootstrap.php:132","message":"Redis bootstrap exception swallowed","data":{"exceptionClass":"RuntimeException","exceptionMessage":"Predis not installed"},"timestamp":1779794820214}
{"sessionId":"0b6a59","runId":"GET /leaderboard pid:1","hypothesisId":"H3","location":"bootstrap.php:155","message":"Using in-memory repositories","data":{"repositoryMode":"in-memory"},"timestamp":1779794820214}
{"sessionId":"0b6a59","runId":"GET /orders?sessionId=636c630f627ae4da7ce33ec28f0ddd65 pid:1","hypothesisId":"H1","location":"bootstrap.php:99","message":"Redis URL configured; probing client availability","data":{"redisUrlConfigured":true,"redisPrefix":"market:"},"timestamp":1779794820215}
{"sessionId":"0b6a59","runId":"GET /orders?sessionId=636c630f627ae4da7ce33ec28f0ddd65 pid:1","hypothesisId":"H1","location":"bootstrap.php:109","message":"Predis client class missing; forcing in-memory fallback","data":{"predisClassExists":false},"timestamp":1779794820215}
{"sessionId":"0b6a59","runId":"GET /orders?sessionId=636c630f627ae4da7ce33ec28f0ddd65 pid:1","hypothesisId":"H2","location":"bootstrap.php:132","message":"Redis bootstrap exception swallowed","data":{"exceptionClass":"RuntimeException","exceptionMessage":"Predis not installed"},"timestamp":1779794820215}
{"sessionId":"0b6a59","runId":"GET /orders?sessionId=636c630f627ae4da7ce33ec28f0ddd65 pid:1","hypothesisId":"H3","location":"bootstrap.php:155","message":"Using in-memory repositories","data":{"repositoryMode":"in-memory"},"timestamp":1779794820215}